<?xml version="1.1" encoding="UTF-8"?>
<MAP MODELID="29729" MODELNAME="02 - Org Model Sarnano Municipality" MODELTYPE="Organizational structure">
  <AREA ID="29814" TYPE="connector" CLASSNAME="Is manager" SHAPE="rect" COORDS="4,4,3,6" BBX="4" BBY="4" BBW="0" BBH="3" SBBX="4" SBBY="4" SBBW="0" SBBH="3" LAYER="1" INDEX="38" />
  <AREA ID="29813" TYPE="connector" CLASSNAME="Has role" SHAPE="rect" COORDS="4,6,3,6" BBX="4" BBY="6" BBW="0" BBH="1" SBBX="4" SBBY="6" SBBW="0" SBBH="1" LAYER="1" INDEX="37" />
  <AREA ID="29790" TYPE="attribute" CLASSNAME="Performer" ATTRID="9" ATTRNAME="Name" SHAPE="rect" COORDS="4,7,4,6"  BBX="4" BBY="7" BBW="1" BBH="0"  LAYER="1" INDEX="36" />
  <AREA ID="29790" TYPE="object" CLASSNAME="Performer" SHAPE="rect" COORDS="4,7,4,7" BBX="4" BBY="7" BBW="1" BBH="1" SBBX="4" SBBY="7" SBBW="1" SBBH="0" LAYER="1" INDEX="36" POSX="4" POSY="7" />
  <AREA ID="29812" TYPE="connector" CLASSNAME="belongs to" SHAPE="rect" COORDS="4,4,3,4" BBX="4" BBY="4" BBW="0" BBH="1" SBBX="4" SBBY="4" SBBW="0" SBBH="1" LAYER="1" INDEX="35" />
  <AREA ID="29787" TYPE="attribute" CLASSNAME="Role" ATTRID="9" ATTRNAME="Name" SHAPE="rect" COORDS="3,6,3,5"  BBX="3" BBY="6" BBW="1" BBH="0"  LAYER="1" INDEX="34" />
  <AREA ID="29787" TYPE="object" CLASSNAME="Role" SHAPE="rect" COORDS="3,5,3,5" BBX="3" BBY="5" BBW="1" BBH="1" SBBX="3" SBBY="5" SBBW="1" SBBH="1" LAYER="1" INDEX="34" POSX="4" POSY="5" />
  <AREA ID="29810" TYPE="connector" CLASSNAME="belongs to" SHAPE="rect" COORDS="3,4,3,4" BBX="3" BBY="4" BBW="1" BBH="1" SBBX="3" SBBY="4" SBBW="1" SBBH="1" LAYER="1" INDEX="33" />
  <AREA ID="29811" TYPE="connector" CLASSNAME="Has role" SHAPE="rect" COORDS="3,6,2,6" BBX="3" BBY="6" BBW="0" BBH="1" SBBX="3" SBBY="6" SBBW="0" SBBH="1" LAYER="1" INDEX="32" />
  <AREA ID="29784" TYPE="attribute" CLASSNAME="Performer" ATTRID="9" ATTRNAME="Name" SHAPE="rect" COORDS="2,7,2,6"  BBX="2" BBY="7" BBW="1" BBH="0"  LAYER="1" INDEX="31" />
  <AREA ID="29784" TYPE="object" CLASSNAME="Performer" SHAPE="rect" COORDS="2,7,2,7" BBX="2" BBY="7" BBW="1" BBH="1" SBBX="2" SBBY="7" SBBW="1" SBBH="0" LAYER="1" INDEX="31" POSX="3" POSY="7" />
  <AREA ID="29781" TYPE="attribute" CLASSNAME="Role" ATTRID="9" ATTRNAME="Name" SHAPE="rect" COORDS="2,6,2,5"  BBX="2" BBY="6" BBW="1" BBH="0"  LAYER="1" INDEX="30" />
  <AREA ID="29781" TYPE="object" CLASSNAME="Role" SHAPE="rect" COORDS="2,5,2,5" BBX="2" BBY="5" BBW="1" BBH="1" SBBX="3" SBBY="5" SBBW="1" SBBH="1" LAYER="1" INDEX="30" POSX="3" POSY="5" />
  <AREA ID="29778" TYPE="attribute" CLASSNAME="Organizational unit" ATTRID="9" ATTRNAME="Name" SHAPE="rect" COORDS="4,4,4,3"  BBX="4" BBY="4" BBW="1" BBH="0"  LAYER="1" INDEX="29" />
  <AREA ID="29778" TYPE="object" CLASSNAME="Organizational unit" SHAPE="rect" COORDS="4,3,4,3" BBX="4" BBY="3" BBW="1" BBH="1" SBBX="4" SBBY="3" SBBW="1" SBBH="1" LAYER="1" INDEX="29" POSX="4" POSY="3" />
  <AREA ID="29808" TYPE="connector" CLASSNAME="belongs to" SHAPE="rect" COORDS="10,4,9,4" BBX="10" BBY="4" BBW="0" BBH="1" SBBX="10" SBBY="4" SBBW="0" SBBH="1" LAYER="1" INDEX="28" />
  <AREA ID="29807" TYPE="connector" CLASSNAME="belongs to" SHAPE="rect" COORDS="8,4,7,4" BBX="8" BBY="4" BBW="0" BBH="1" SBBX="8" SBBY="4" SBBW="0" SBBH="1" LAYER="1" INDEX="27" />
  <AREA ID="29806" TYPE="connector" CLASSNAME="belongs to" SHAPE="rect" COORDS="7,4,6,4" BBX="7" BBY="4" BBW="0" BBH="1" SBBX="7" SBBY="4" SBBW="0" SBBH="1" LAYER="1" INDEX="26" />
  <AREA ID="29805" TYPE="connector" CLASSNAME="belongs to" SHAPE="rect" COORDS="5,4,4,4" BBX="5" BBY="4" BBW="0" BBH="1" SBBX="5" SBBY="4" SBBW="0" SBBH="1" LAYER="1" INDEX="25" />
  <AREA ID="29802" TYPE="connector" CLASSNAME="Has role" SHAPE="rect" COORDS="10,6,9,6" BBX="10" BBY="6" BBW="0" BBH="1" SBBX="10" SBBY="6" SBBW="0" SBBH="1" LAYER="1" INDEX="24" />
  <AREA ID="29801" TYPE="connector" CLASSNAME="Has role" SHAPE="rect" COORDS="8,6,7,6" BBX="8" BBY="6" BBW="0" BBH="1" SBBX="8" SBBY="6" SBBW="0" SBBH="1" LAYER="1" INDEX="23" />
  <AREA ID="29800" TYPE="connector" CLASSNAME="Has role" SHAPE="rect" COORDS="7,6,6,6" BBX="7" BBY="6" BBW="0" BBH="1" SBBX="7" SBBY="6" SBBW="0" SBBH="1" LAYER="1" INDEX="22" />
  <AREA ID="29799" TYPE="connector" CLASSNAME="Has role" SHAPE="rect" COORDS="5,6,4,6" BBX="5" BBY="6" BBW="0" BBH="1" SBBX="5" SBBY="6" SBBW="0" SBBH="1" LAYER="1" INDEX="21" />
  <AREA ID="29798" TYPE="connector" CLASSNAME="Has role" SHAPE="rect" COORDS="2,4,1,4" BBX="2" BBY="4" BBW="0" BBH="1" SBBX="2" SBBY="4" SBBW="0" SBBH="1" LAYER="1" INDEX="20" />
  <AREA ID="29797" TYPE="connector" CLASSNAME="Has role" SHAPE="rect" COORDS="1,4,0,4" BBX="1" BBY="4" BBW="0" BBH="1" SBBX="1" SBBY="4" SBBW="0" SBBH="1" LAYER="1" INDEX="19" />
  <AREA ID="29775" TYPE="attribute" CLASSNAME="Role" ATTRID="9" ATTRNAME="Name" SHAPE="rect" COORDS="9,6,9,6"  BBX="9" BBY="6" BBW="1" BBH="1"  LAYER="1" INDEX="18" />
  <AREA ID="29775" TYPE="object" CLASSNAME="Role" SHAPE="rect" COORDS="9,5,9,5" BBX="9" BBY="5" BBW="1" BBH="1" SBBX="10" SBBY="5" SBBW="1" SBBH="1" LAYER="1" INDEX="18" POSX="10" POSY="5" />
  <AREA ID="29772" TYPE="attribute" CLASSNAME="Role" ATTRID="9" ATTRNAME="Name" SHAPE="rect" COORDS="8,6,8,5"  BBX="8" BBY="6" BBW="1" BBH="0"  LAYER="1" INDEX="17" />
  <AREA ID="29772" TYPE="object" CLASSNAME="Role" SHAPE="rect" COORDS="8,5,8,5" BBX="8" BBY="5" BBW="1" BBH="1" SBBX="8" SBBY="5" SBBW="1" SBBH="1" LAYER="1" INDEX="17" POSX="8" POSY="5" />
  <AREA ID="29769" TYPE="attribute" CLASSNAME="Role" ATTRID="9" ATTRNAME="Name" SHAPE="rect" COORDS="6,6,6,5"  BBX="6" BBY="6" BBW="1" BBH="0"  LAYER="1" INDEX="16" />
  <AREA ID="29769" TYPE="object" CLASSNAME="Role" SHAPE="rect" COORDS="6,5,6,5" BBX="6" BBY="5" BBW="1" BBH="1" SBBX="7" SBBY="5" SBBW="1" SBBH="1" LAYER="1" INDEX="16" POSX="7" POSY="5" />
  <AREA ID="29766" TYPE="attribute" CLASSNAME="Role" ATTRID="9" ATTRNAME="Name" SHAPE="rect" COORDS="5,6,5,5"  BBX="5" BBY="6" BBW="1" BBH="0"  LAYER="1" INDEX="15" />
  <AREA ID="29766" TYPE="object" CLASSNAME="Role" SHAPE="rect" COORDS="5,5,5,5" BBX="5" BBY="5" BBW="1" BBH="1" SBBX="5" SBBY="5" SBBW="1" SBBH="1" LAYER="1" INDEX="15" POSX="5" POSY="5" />
  <AREA ID="29763" TYPE="attribute" CLASSNAME="Role" ATTRID="9" ATTRNAME="Name" SHAPE="rect" COORDS="1,4,0,3"  BBX="1" BBY="4" BBW="0" BBH="0"  LAYER="1" INDEX="14" />
  <AREA ID="29763" TYPE="object" CLASSNAME="Role" SHAPE="rect" COORDS="1,3,1,3" BBX="1" BBY="3" BBW="1" BBH="1" SBBX="1" SBBY="3" SBBW="1" SBBH="1" LAYER="1" INDEX="14" POSX="2" POSY="3" />
  <AREA ID="29760" TYPE="attribute" CLASSNAME="Role" ATTRID="9" ATTRNAME="Name" SHAPE="rect" COORDS="0,4,0,3"  BBX="0" BBY="4" BBW="1" BBH="0"  LAYER="1" INDEX="13" />
  <AREA ID="29760" TYPE="object" CLASSNAME="Role" SHAPE="rect" COORDS="0,3,0,3" BBX="0" BBY="3" BBW="1" BBH="1" SBBX="0" SBBY="3" SBBW="1" SBBH="1" LAYER="1" INDEX="13" POSX="1" POSY="3" />
  <AREA ID="29757" TYPE="attribute" CLASSNAME="Performer" ATTRID="9" ATTRNAME="Name" SHAPE="rect" COORDS="9,7,9,6"  BBX="9" BBY="7" BBW="1" BBH="0"  LAYER="1" INDEX="12" />
  <AREA ID="29757" TYPE="object" CLASSNAME="Performer" SHAPE="rect" COORDS="9,7,9,7" BBX="9" BBY="7" BBW="1" BBH="1" SBBX="9" SBBY="7" SBBW="1" SBBH="0" LAYER="1" INDEX="12" POSX="10" POSY="7" />
  <AREA ID="29754" TYPE="attribute" CLASSNAME="Performer" ATTRID="9" ATTRNAME="Name" SHAPE="rect" COORDS="7,7,7,6"  BBX="7" BBY="7" BBW="1" BBH="0"  LAYER="1" INDEX="11" />
  <AREA ID="29754" TYPE="object" CLASSNAME="Performer" SHAPE="rect" COORDS="7,7,7,7" BBX="7" BBY="7" BBW="1" BBH="1" SBBX="7" SBBY="7" SBBW="1" SBBH="0" LAYER="1" INDEX="11" POSX="8" POSY="7" />
  <AREA ID="29751" TYPE="attribute" CLASSNAME="Performer" ATTRID="9" ATTRNAME="Name" SHAPE="rect" COORDS="5,7,5,6"  BBX="5" BBY="7" BBW="1" BBH="0"  LAYER="1" INDEX="10" />
  <AREA ID="29751" TYPE="object" CLASSNAME="Performer" SHAPE="rect" COORDS="5,7,5,7" BBX="5" BBY="7" BBW="1" BBH="1" SBBX="5" SBBY="7" SBBW="1" SBBH="0" LAYER="1" INDEX="10" POSX="5" POSY="7" />
  <AREA ID="29804" TYPE="connector" CLASSNAME="belongs to" SHAPE="rect" COORDS="2,2,4,2" BBX="2" BBY="2" BBW="3" BBH="1" SBBX="2" SBBY="2" SBBW="3" SBBH="1" LAYER="1" INDEX="9" />
  <AREA ID="29803" TYPE="connector" CLASSNAME="belongs to" SHAPE="rect" COORDS="1,2,4,2" BBX="1" BBY="2" BBW="4" BBH="1" SBBX="1" SBBY="2" SBBW="4" SBBH="1" LAYER="1" INDEX="8" />
  <AREA ID="29748" TYPE="attribute" CLASSNAME="Performer" ATTRID="9" ATTRNAME="Name" SHAPE="rect" COORDS="1,6,1,5"  BBX="1" BBY="6" BBW="1" BBH="0"  LAYER="1" INDEX="7" />
  <AREA ID="29748" TYPE="object" CLASSNAME="Performer" SHAPE="rect" COORDS="1,5,1,5" BBX="1" BBY="5" BBW="1" BBH="1" SBBX="1" SBBY="5" SBBW="1" SBBH="0" LAYER="1" INDEX="7" POSX="2" POSY="5" />
  <AREA ID="29745" TYPE="attribute" CLASSNAME="Performer" ATTRID="9" ATTRNAME="Name" SHAPE="rect" COORDS="0,6,0,5"  BBX="0" BBY="6" BBW="1" BBH="0"  LAYER="1" INDEX="6" />
  <AREA ID="29745" TYPE="object" CLASSNAME="Performer" SHAPE="rect" COORDS="0,5,0,5" BBX="0" BBY="5" BBW="1" BBH="1" SBBX="0" SBBY="5" SBBW="1" SBBH="0" LAYER="1" INDEX="6" POSX="1" POSY="5" />
  <AREA ID="29742" TYPE="attribute" CLASSNAME="Organizational unit" ATTRID="9" ATTRNAME="Name" SHAPE="rect" COORDS="9,4,9,3"  BBX="9" BBY="4" BBW="1" BBH="0"  LAYER="1" INDEX="5" />
  <AREA ID="29742" TYPE="object" CLASSNAME="Organizational unit" SHAPE="rect" COORDS="9,3,9,3" BBX="9" BBY="3" BBW="1" BBH="1" SBBX="9" SBBY="3" SBBW="1" SBBH="1" LAYER="1" INDEX="5" POSX="10" POSY="3" />
  <AREA ID="29739" TYPE="attribute" CLASSNAME="Organizational unit" ATTRID="9" ATTRNAME="Name" SHAPE="rect" COORDS="8,4,8,3"  BBX="8" BBY="4" BBW="1" BBH="0"  LAYER="1" INDEX="4" />
  <AREA ID="29739" TYPE="object" CLASSNAME="Organizational unit" SHAPE="rect" COORDS="8,3,8,3" BBX="8" BBY="3" BBW="1" BBH="1" SBBX="8" SBBY="3" SBBW="1" SBBH="1" LAYER="1" INDEX="4" POSX="8" POSY="3" />
  <AREA ID="29736" TYPE="attribute" CLASSNAME="Organizational unit" ATTRID="9" ATTRNAME="Name" SHAPE="rect" COORDS="6,4,6,3"  BBX="6" BBY="4" BBW="1" BBH="0"  LAYER="1" INDEX="3" />
  <AREA ID="29736" TYPE="object" CLASSNAME="Organizational unit" SHAPE="rect" COORDS="6,3,6,3" BBX="6" BBY="3" BBW="1" BBH="1" SBBX="6" SBBY="3" SBBW="1" SBBH="1" LAYER="1" INDEX="3" POSX="7" POSY="3" />
  <AREA ID="29733" TYPE="attribute" CLASSNAME="Organizational unit" ATTRID="9" ATTRNAME="Name" SHAPE="rect" COORDS="5,4,5,3"  BBX="5" BBY="4" BBW="1" BBH="0"  LAYER="1" INDEX="2" />
  <AREA ID="29733" TYPE="object" CLASSNAME="Organizational unit" SHAPE="rect" COORDS="5,3,5,3" BBX="5" BBY="3" BBW="1" BBH="1" SBBX="5" SBBY="3" SBBW="1" SBBH="1" LAYER="1" INDEX="2" POSX="5" POSY="3" />
  <AREA ID="29730" TYPE="attribute" CLASSNAME="Organizational unit" ATTRID="9" ATTRNAME="Name" SHAPE="rect" COORDS="5,2,5,1"  BBX="5" BBY="2" BBW="1" BBH="0"  LAYER="1" INDEX="1" />
  <AREA ID="29730" TYPE="object" CLASSNAME="Organizational unit" SHAPE="rect" COORDS="5,1,5,1" BBX="5" BBY="1" BBW="1" BBH="1" SBBX="5" SBBY="1" SBBW="1" SBBH="1" LAYER="1" INDEX="1" POSX="5" POSY="1" />
  <AREA ID="29796" TYPE="connector" CLASSNAME="Is subordinated" SHAPE="rect" COORDS="5,2,9,2" BBX="5" BBY="2" BBW="5" BBH="1" SBBX="5" SBBY="2" SBBW="5" SBBH="1" LAYER="-1" INDEX="43" />
  <AREA ID="29795" TYPE="connector" CLASSNAME="Is subordinated" SHAPE="rect" COORDS="5,2,7,2" BBX="5" BBY="2" BBW="3" BBH="1" SBBX="5" SBBY="2" SBBW="3" SBBH="1" LAYER="-1" INDEX="42" />
  <AREA ID="29794" TYPE="connector" CLASSNAME="Is subordinated" SHAPE="rect" COORDS="5,2,6,2" BBX="5" BBY="2" BBW="2" BBH="1" SBBX="5" SBBY="2" SBBW="2" SBBH="1" LAYER="-1" INDEX="41" />
  <AREA ID="29793" TYPE="connector" CLASSNAME="Is subordinated" SHAPE="rect" COORDS="5,2,4,2" BBX="5" BBY="2" BBW="0" BBH="1" SBBX="5" SBBY="2" SBBW="0" SBBH="1" LAYER="-1" INDEX="40" />
  <AREA ID="29809" TYPE="connector" CLASSNAME="Is subordinated" SHAPE="rect" COORDS="4,2,4,2" BBX="4" BBY="2" BBW="1" BBH="1" SBBX="4" SBBY="2" SBBW="1" SBBH="1" LAYER="-1" INDEX="39" />
</MAP>
