<?xml version="1.1" encoding="UTF-8"?>
<MAP MODELID="29817" MODELNAME="02 - Org Model Senigallia Municipality" MODELTYPE="Organizational structure">
  <AREA ID="30045" TYPE="connector" CLASSNAME="Has role" SHAPE="rect" COORDS="9,7,8,7" BBX="9" BBY="7" BBW="0" BBH="1" SBBX="9" SBBY="7" SBBW="0" SBBH="1" LAYER="1" INDEX="114" />
  <AREA ID="29986" TYPE="attribute" CLASSNAME="Performer" ATTRID="9" ATTRNAME="Name" SHAPE="rect" COORDS="9,8,9,7"  BBX="9" BBY="8" BBW="1" BBH="0"  LAYER="1" INDEX="113" />
  <AREA ID="29986" TYPE="object" CLASSNAME="Performer" SHAPE="rect" COORDS="9,7,9,7" BBX="9" BBY="7" BBW="1" BBH="1" SBBX="9" SBBY="7" SBBW="1" SBBH="0" LAYER="1" INDEX="113" POSX="9" POSY="8" />
  <AREA ID="30043" TYPE="connector" CLASSNAME="Has role" SHAPE="rect" COORDS="10,7,9,7" BBX="10" BBY="7" BBW="0" BBH="1" SBBX="10" SBBY="7" SBBW="0" SBBH="1" LAYER="1" INDEX="112" />
  <AREA ID="30044" TYPE="connector" CLASSNAME="belongs to" SHAPE="rect" COORDS="10,4,12,4" BBX="10" BBY="4" BBW="3" BBH="1" SBBX="10" SBBY="4" SBBW="3" SBBH="1" LAYER="1" INDEX="111" />
  <AREA ID="29983" TYPE="attribute" CLASSNAME="Role" ATTRID="9" ATTRNAME="Name" SHAPE="rect" COORDS="9,6,9,5"  BBX="9" BBY="6" BBW="1" BBH="0"  LAYER="1" INDEX="110" />
  <AREA ID="29983" TYPE="object" CLASSNAME="Role" SHAPE="rect" COORDS="9,6,9,6" BBX="9" BBY="6" BBW="1" BBH="1" SBBX="10" SBBY="6" SBBW="1" SBBH="1" LAYER="1" INDEX="110" POSX="10" POSY="6" />
  <AREA ID="29980" TYPE="attribute" CLASSNAME="Performer" ATTRID="9" ATTRNAME="Name" SHAPE="rect" COORDS="10,8,10,7"  BBX="10" BBY="8" BBW="1" BBH="0"  LAYER="1" INDEX="109" />
  <AREA ID="29980" TYPE="object" CLASSNAME="Performer" SHAPE="rect" COORDS="10,7,10,7" BBX="10" BBY="7" BBW="1" BBH="1" SBBX="10" SBBY="7" SBBW="1" SBBH="0" LAYER="1" INDEX="109" POSX="10" POSY="8" />
  <AREA ID="30020" TYPE="connector" CLASSNAME="Is manager" SHAPE="rect" COORDS="11,5,11,6" BBX="11" BBY="5" BBW="1" BBH="2" SBBX="11" SBBY="5" SBBW="1" SBBH="2" LAYER="1" INDEX="108" />
  <AREA ID="30042" TYPE="connector" CLASSNAME="Has role" SHAPE="rect" COORDS="25,7,24,6" BBX="25" BBY="7" BBW="0" BBH="0" SBBX="25" SBBY="7" SBBW="0" SBBH="0" LAYER="1" INDEX="107" />
  <AREA ID="29977" TYPE="attribute" CLASSNAME="Performer" ATTRID="9" ATTRNAME="Name" SHAPE="rect" COORDS="24,8,24,7"  BBX="24" BBY="8" BBW="1" BBH="0"  LAYER="1" INDEX="106" />
  <AREA ID="29977" TYPE="object" CLASSNAME="Performer" SHAPE="rect" COORDS="24,7,24,7" BBX="24" BBY="7" BBW="1" BBH="1" SBBX="24" SBBY="7" SBBW="1" SBBH="0" LAYER="1" INDEX="106" POSX="25" POSY="8" />
  <AREA ID="30041" TYPE="connector" CLASSNAME="belongs to" SHAPE="rect" COORDS="25,6,24,5" BBX="25" BBY="6" BBW="0" BBH="0" SBBX="25" SBBY="6" SBBW="0" SBBH="0" LAYER="1" INDEX="105" />
  <AREA ID="29974" TYPE="attribute" CLASSNAME="Role" ATTRID="9" ATTRNAME="Name" SHAPE="rect" COORDS="24,6,24,6"  BBX="24" BBY="6" BBW="1" BBH="1"  LAYER="1" INDEX="104" />
  <AREA ID="29974" TYPE="object" CLASSNAME="Role" SHAPE="rect" COORDS="24,6,24,6" BBX="24" BBY="6" BBW="1" BBH="1" SBBX="24" SBBY="6" SBBW="1" SBBH="1" LAYER="1" INDEX="104" POSX="25" POSY="6" />
  <AREA ID="30040" TYPE="connector" CLASSNAME="Has role" SHAPE="rect" COORDS="23,5,22,5" BBX="23" BBY="5" BBW="0" BBH="1" SBBX="23" SBBY="5" SBBW="0" SBBH="1" LAYER="1" INDEX="103" />
  <AREA ID="29971" TYPE="attribute" CLASSNAME="Performer" ATTRID="9" ATTRNAME="Name" SHAPE="rect" COORDS="23,7,23,6"  BBX="23" BBY="7" BBW="1" BBH="0"  LAYER="1" INDEX="102" />
  <AREA ID="29971" TYPE="object" CLASSNAME="Performer" SHAPE="rect" COORDS="23,6,23,6" BBX="23" BBY="6" BBW="1" BBH="1" SBBX="23" SBBY="6" SBBW="1" SBBH="0" LAYER="1" INDEX="102" POSX="23" POSY="6" />
  <AREA ID="29968" TYPE="attribute" CLASSNAME="Organizational unit" ATTRID="9" ATTRNAME="Name" SHAPE="rect" COORDS="24,5,24,5"  BBX="24" BBY="5" BBW="1" BBH="1"  LAYER="1" INDEX="100" />
  <AREA ID="29968" TYPE="object" CLASSNAME="Organizational unit" SHAPE="rect" COORDS="24,4,24,4" BBX="24" BBY="4" BBW="1" BBH="1" SBBX="24" SBBY="4" SBBW="1" SBBH="1" LAYER="1" INDEX="100" POSX="25" POSY="5" />
  <AREA ID="30038" TYPE="connector" CLASSNAME="belongs to" SHAPE="rect" COORDS="23,3,22,3" BBX="23" BBY="3" BBW="0" BBH="1" SBBX="23" SBBY="3" SBBW="0" SBBH="1" LAYER="1" INDEX="99" />
  <AREA ID="29965" TYPE="attribute" CLASSNAME="Role" ATTRID="9" ATTRNAME="Name" SHAPE="rect" COORDS="23,5,23,4"  BBX="23" BBY="5" BBW="1" BBH="0"  LAYER="1" INDEX="98" />
  <AREA ID="29965" TYPE="object" CLASSNAME="Role" SHAPE="rect" COORDS="23,4,23,4" BBX="23" BBY="4" BBW="1" BBH="1" SBBX="23" SBBY="4" SBBW="1" SBBH="1" LAYER="1" INDEX="98" POSX="23" POSY="5" />
  <AREA ID="30036" TYPE="connector" CLASSNAME="belongs to" SHAPE="rect" COORDS="21,3,21,3" BBX="21" BBY="3" BBW="1" BBH="1" SBBX="21" SBBY="3" SBBW="1" SBBH="1" LAYER="1" INDEX="97" />
  <AREA ID="30037" TYPE="connector" CLASSNAME="Has role" SHAPE="rect" COORDS="21,6,20,5" BBX="21" BBY="6" BBW="0" BBH="0" SBBX="21" SBBY="6" SBBW="0" SBBH="0" LAYER="1" INDEX="96" />
  <AREA ID="29962" TYPE="attribute" CLASSNAME="Performer" ATTRID="9" ATTRNAME="Name" SHAPE="rect" COORDS="21,7,21,6"  BBX="21" BBY="7" BBW="1" BBH="0"  LAYER="1" INDEX="95" />
  <AREA ID="29962" TYPE="object" CLASSNAME="Performer" SHAPE="rect" COORDS="21,6,21,6" BBX="21" BBY="6" BBW="1" BBH="1" SBBX="21" SBBY="6" SBBW="1" SBBH="0" LAYER="1" INDEX="95" POSX="21" POSY="6" />
  <AREA ID="29959" TYPE="attribute" CLASSNAME="Role" ATTRID="9" ATTRNAME="Name" SHAPE="rect" COORDS="21,5,21,5"  BBX="21" BBY="5" BBW="1" BBH="1"  LAYER="1" INDEX="94" />
  <AREA ID="29959" TYPE="object" CLASSNAME="Role" SHAPE="rect" COORDS="21,4,21,4" BBX="21" BBY="4" BBW="1" BBH="1" SBBX="21" SBBY="4" SBBW="1" SBBH="1" LAYER="1" INDEX="94" POSX="21" POSY="5" />
  <AREA ID="30035" TYPE="connector" CLASSNAME="Has role" SHAPE="rect" COORDS="22,7,21,6" BBX="22" BBY="7" BBW="0" BBH="0" SBBX="22" SBBY="7" SBBW="0" SBBH="0" LAYER="1" INDEX="92" />
  <AREA ID="30034" TYPE="connector" CLASSNAME="belongs to" SHAPE="rect" COORDS="22,5,21,4" BBX="22" BBY="5" BBW="0" BBH="0" SBBX="22" SBBY="5" SBBW="0" SBBH="0" LAYER="1" INDEX="91" />
  <AREA ID="29956" TYPE="attribute" CLASSNAME="Performer" ATTRID="9" ATTRNAME="Name" SHAPE="rect" COORDS="22,8,22,7"  BBX="22" BBY="8" BBW="1" BBH="0"  LAYER="1" INDEX="90" />
  <AREA ID="29956" TYPE="object" CLASSNAME="Performer" SHAPE="rect" COORDS="22,7,22,7" BBX="22" BBY="7" BBW="1" BBH="1" SBBX="22" SBBY="7" SBBW="1" SBBH="0" LAYER="1" INDEX="90" POSX="22" POSY="8" />
  <AREA ID="29953" TYPE="attribute" CLASSNAME="Role" ATTRID="9" ATTRNAME="Name" SHAPE="rect" COORDS="22,6,22,5"  BBX="22" BBY="6" BBW="1" BBH="0"  LAYER="1" INDEX="89" />
  <AREA ID="29953" TYPE="object" CLASSNAME="Role" SHAPE="rect" COORDS="22,6,22,6" BBX="22" BBY="6" BBW="1" BBH="1" SBBX="22" SBBY="6" SBBW="1" SBBH="1" LAYER="1" INDEX="89" POSX="22" POSY="6" />
  <AREA ID="29950" TYPE="attribute" CLASSNAME="Organizational unit" ATTRID="9" ATTRNAME="Name" SHAPE="rect" COORDS="22,5,22,4"  BBX="22" BBY="5" BBW="1" BBH="0"  LAYER="1" INDEX="88" />
  <AREA ID="29950" TYPE="object" CLASSNAME="Organizational unit" SHAPE="rect" COORDS="22,4,22,4" BBX="22" BBY="4" BBW="1" BBH="1" SBBX="22" SBBY="4" SBBW="1" SBBH="1" LAYER="1" INDEX="88" POSX="22" POSY="5" />
  <AREA ID="30031" TYPE="connector" CLASSNAME="belongs to" SHAPE="rect" COORDS="20,5,19,4" BBX="20" BBY="5" BBW="0" BBH="0" SBBX="20" SBBY="5" SBBW="0" SBBH="0" LAYER="1" INDEX="87" />
  <AREA ID="30032" TYPE="connector" CLASSNAME="Has role" SHAPE="rect" COORDS="20,7,19,6" BBX="20" BBY="7" BBW="0" BBH="0" SBBX="20" SBBY="7" SBBW="0" SBBH="0" LAYER="1" INDEX="86" />
  <AREA ID="29947" TYPE="attribute" CLASSNAME="Performer" ATTRID="9" ATTRNAME="Name" SHAPE="rect" COORDS="19,8,19,7"  BBX="19" BBY="8" BBW="1" BBH="0"  LAYER="1" INDEX="85" />
  <AREA ID="29947" TYPE="object" CLASSNAME="Performer" SHAPE="rect" COORDS="19,7,19,7" BBX="19" BBY="7" BBW="1" BBH="1" SBBX="19" SBBY="7" SBBW="1" SBBH="0" LAYER="1" INDEX="85" POSX="20" POSY="8" />
  <AREA ID="29944" TYPE="attribute" CLASSNAME="Role" ATTRID="9" ATTRNAME="Name" SHAPE="rect" COORDS="19,6,19,5"  BBX="19" BBY="6" BBW="1" BBH="0"  LAYER="1" INDEX="84" />
  <AREA ID="29944" TYPE="object" CLASSNAME="Role" SHAPE="rect" COORDS="19,6,19,6" BBX="19" BBY="6" BBW="1" BBH="1" SBBX="19" SBBY="6" SBBW="1" SBBH="1" LAYER="1" INDEX="84" POSX="20" POSY="6" />
  <AREA ID="30030" TYPE="connector" CLASSNAME="Has role" SHAPE="rect" COORDS="18,7,17,6" BBX="18" BBY="7" BBW="0" BBH="0" SBBX="18" SBBY="7" SBBW="0" SBBH="0" LAYER="1" INDEX="83" />
  <AREA ID="29941" TYPE="attribute" CLASSNAME="Performer" ATTRID="9" ATTRNAME="Name" SHAPE="rect" COORDS="18,8,18,7"  BBX="18" BBY="8" BBW="1" BBH="0"  LAYER="1" INDEX="82" />
  <AREA ID="29941" TYPE="object" CLASSNAME="Performer" SHAPE="rect" COORDS="18,7,18,7" BBX="18" BBY="7" BBW="1" BBH="1" SBBX="18" SBBY="7" SBBW="1" SBBH="0" LAYER="1" INDEX="82" POSX="18" POSY="8" />
  <AREA ID="30029" TYPE="connector" CLASSNAME="belongs to" SHAPE="rect" COORDS="18,5,17,4" BBX="18" BBY="5" BBW="0" BBH="0" SBBX="18" SBBY="5" SBBW="0" SBBH="0" LAYER="1" INDEX="81" />
  <AREA ID="29938" TYPE="attribute" CLASSNAME="Role" ATTRID="9" ATTRNAME="Name" SHAPE="rect" COORDS="18,6,18,5"  BBX="18" BBY="6" BBW="1" BBH="0"  LAYER="1" INDEX="80" />
  <AREA ID="29938" TYPE="object" CLASSNAME="Role" SHAPE="rect" COORDS="18,6,18,6" BBX="18" BBY="6" BBW="1" BBH="1" SBBX="18" SBBY="6" SBBW="1" SBBH="1" LAYER="1" INDEX="80" POSX="18" POSY="6" />
  <AREA ID="29935" TYPE="attribute" CLASSNAME="Organizational unit" ATTRID="9" ATTRNAME="Name" SHAPE="rect" COORDS="19,5,19,4"  BBX="19" BBY="5" BBW="1" BBH="0"  LAYER="1" INDEX="77" />
  <AREA ID="29935" TYPE="object" CLASSNAME="Organizational unit" SHAPE="rect" COORDS="19,4,19,4" BBX="19" BBY="4" BBW="1" BBH="1" SBBX="19" SBBY="4" SBBW="1" SBBH="1" LAYER="1" INDEX="77" POSX="20" POSY="5" />
  <AREA ID="29932" TYPE="attribute" CLASSNAME="Organizational unit" ATTRID="9" ATTRNAME="Name" SHAPE="rect" COORDS="18,5,18,4"  BBX="18" BBY="5" BBW="1" BBH="0"  LAYER="1" INDEX="76" />
  <AREA ID="29932" TYPE="object" CLASSNAME="Organizational unit" SHAPE="rect" COORDS="18,4,18,4" BBX="18" BBY="4" BBW="1" BBH="1" SBBX="18" SBBY="4" SBBW="1" SBBH="1" LAYER="1" INDEX="76" POSX="18" POSY="5" />
  <AREA ID="30019" TYPE="connector" CLASSNAME="Has role" SHAPE="rect" COORDS="11,7,10,7" BBX="11" BBY="7" BBW="0" BBH="1" SBBX="11" SBBY="7" SBBW="0" SBBH="1" LAYER="1" INDEX="75" />
  <AREA ID="30026" TYPE="connector" CLASSNAME="Has role" SHAPE="rect" COORDS="16,7,16,7" BBX="16" BBY="7" BBW="1" BBH="1" SBBX="16" SBBY="7" SBBW="1" SBBH="1" LAYER="1" INDEX="74" />
  <AREA ID="30022" TYPE="connector" CLASSNAME="Has role" SHAPE="rect" COORDS="16,7,15,7" BBX="16" BBY="7" BBW="0" BBH="1" SBBX="16" SBBY="7" SBBW="0" SBBH="1" LAYER="1" INDEX="73" />
  <AREA ID="30025" TYPE="connector" CLASSNAME="Has role" SHAPE="rect" COORDS="15,7,15,7" BBX="15" BBY="7" BBW="1" BBH="1" SBBX="15" SBBY="7" SBBW="1" SBBH="1" LAYER="1" INDEX="72" />
  <AREA ID="29929" TYPE="attribute" CLASSNAME="Performer" ATTRID="9" ATTRNAME="Name" SHAPE="rect" COORDS="17,8,17,7"  BBX="17" BBY="8" BBW="1" BBH="0"  LAYER="1" INDEX="71" />
  <AREA ID="29929" TYPE="object" CLASSNAME="Performer" SHAPE="rect" COORDS="17,7,17,7" BBX="17" BBY="7" BBW="1" BBH="1" SBBX="17" SBBY="7" SBBW="1" SBBH="0" LAYER="1" INDEX="71" POSX="17" POSY="8" />
  <AREA ID="29926" TYPE="attribute" CLASSNAME="Performer" ATTRID="9" ATTRNAME="Name" SHAPE="rect" COORDS="15,8,15,7"  BBX="15" BBY="8" BBW="1" BBH="0"  LAYER="1" INDEX="70" />
  <AREA ID="29926" TYPE="object" CLASSNAME="Performer" SHAPE="rect" COORDS="15,7,15,7" BBX="15" BBY="7" BBW="1" BBH="1" SBBX="15" SBBY="7" SBBW="1" SBBH="0" LAYER="1" INDEX="70" POSX="15" POSY="8" />
  <AREA ID="30024" TYPE="connector" CLASSNAME="Has role" SHAPE="rect" COORDS="13,7,13,7" BBX="13" BBY="7" BBW="1" BBH="1" SBBX="13" SBBY="7" SBBW="1" SBBH="1" LAYER="1" INDEX="69" />
  <AREA ID="30023" TYPE="connector" CLASSNAME="Has role" SHAPE="rect" COORDS="13,7,12,7" BBX="13" BBY="7" BBW="0" BBH="1" SBBX="13" SBBY="7" SBBW="0" SBBH="1" LAYER="1" INDEX="68" />
  <AREA ID="30021" TYPE="connector" CLASSNAME="Has role" SHAPE="rect" COORDS="12,7,12,7" BBX="12" BBY="7" BBW="1" BBH="1" SBBX="12" SBBY="7" SBBW="1" SBBH="1" LAYER="1" INDEX="67" />
  <AREA ID="29923" TYPE="attribute" CLASSNAME="Performer" ATTRID="9" ATTRNAME="Name" SHAPE="rect" COORDS="14,8,14,7"  BBX="14" BBY="8" BBW="1" BBH="0"  LAYER="1" INDEX="66" />
  <AREA ID="29923" TYPE="object" CLASSNAME="Performer" SHAPE="rect" COORDS="14,7,14,7" BBX="14" BBY="7" BBW="1" BBH="1" SBBX="14" SBBY="7" SBBW="1" SBBH="0" LAYER="1" INDEX="66" POSX="14" POSY="8" />
  <AREA ID="29920" TYPE="attribute" CLASSNAME="Performer" ATTRID="9" ATTRNAME="Name" SHAPE="rect" COORDS="13,8,13,7"  BBX="13" BBY="8" BBW="1" BBH="0"  LAYER="1" INDEX="65" />
  <AREA ID="29920" TYPE="object" CLASSNAME="Performer" SHAPE="rect" COORDS="13,7,13,7" BBX="13" BBY="7" BBW="1" BBH="1" SBBX="13" SBBY="7" SBBW="1" SBBH="0" LAYER="1" INDEX="65" POSX="13" POSY="8" />
  <AREA ID="29917" TYPE="attribute" CLASSNAME="Performer" ATTRID="9" ATTRNAME="Name" SHAPE="rect" COORDS="16,8,16,7"  BBX="16" BBY="8" BBW="1" BBH="0"  LAYER="1" INDEX="64" />
  <AREA ID="29917" TYPE="object" CLASSNAME="Performer" SHAPE="rect" COORDS="16,7,16,7" BBX="16" BBY="7" BBW="1" BBH="1" SBBX="16" SBBY="7" SBBW="1" SBBH="0" LAYER="1" INDEX="64" POSX="16" POSY="8" />
  <AREA ID="29914" TYPE="attribute" CLASSNAME="Performer" ATTRID="9" ATTRNAME="Name" SHAPE="rect" COORDS="12,8,12,7"  BBX="12" BBY="8" BBW="1" BBH="0"  LAYER="1" INDEX="63" />
  <AREA ID="29914" TYPE="object" CLASSNAME="Performer" SHAPE="rect" COORDS="12,7,12,7" BBX="12" BBY="7" BBW="1" BBH="1" SBBX="12" SBBY="7" SBBW="1" SBBH="0" LAYER="1" INDEX="63" POSX="12" POSY="8" />
  <AREA ID="29911" TYPE="attribute" CLASSNAME="Performer" ATTRID="9" ATTRNAME="Name" SHAPE="rect" COORDS="11,8,11,7"  BBX="11" BBY="8" BBW="1" BBH="0"  LAYER="1" INDEX="62" />
  <AREA ID="29911" TYPE="object" CLASSNAME="Performer" SHAPE="rect" COORDS="11,7,11,7" BBX="11" BBY="7" BBW="1" BBH="1" SBBX="11" SBBY="7" SBBW="1" SBBH="0" LAYER="1" INDEX="62" POSX="11" POSY="8" />
  <AREA ID="30018" TYPE="connector" CLASSNAME="belongs to" SHAPE="rect" COORDS="13,5,15,5" BBX="13" BBY="5" BBW="3" BBH="1" SBBX="13" SBBY="5" SBBW="3" SBBH="1" LAYER="1" INDEX="60" />
  <AREA ID="30016" TYPE="connector" CLASSNAME="belongs to" SHAPE="rect" COORDS="13,5,12,5" BBX="13" BBY="5" BBW="0" BBH="1" SBBX="13" SBBY="5" SBBW="0" SBBH="1" LAYER="1" INDEX="59" />
  <AREA ID="30017" TYPE="connector" CLASSNAME="belongs to" SHAPE="rect" COORDS="11,5,12,5" BBX="11" BBY="5" BBW="2" BBH="1" SBBX="11" SBBY="5" SBBW="2" SBBH="1" LAYER="1" INDEX="58" />
  <AREA ID="29908" TYPE="attribute" CLASSNAME="Role" ATTRID="9" ATTRNAME="Name" SHAPE="rect" COORDS="16,6,16,5"  BBX="16" BBY="6" BBW="1" BBH="0"  LAYER="1" INDEX="57" />
  <AREA ID="29908" TYPE="object" CLASSNAME="Role" SHAPE="rect" COORDS="16,6,16,6" BBX="16" BBY="6" BBW="1" BBH="1" SBBX="16" SBBY="6" SBBW="1" SBBH="1" LAYER="1" INDEX="57" POSX="16" POSY="6" />
  <AREA ID="29905" TYPE="attribute" CLASSNAME="Role" ATTRID="9" ATTRNAME="Name" SHAPE="rect" COORDS="11,6,11,5"  BBX="11" BBY="6" BBW="1" BBH="0"  LAYER="1" INDEX="56" />
  <AREA ID="29905" TYPE="object" CLASSNAME="Role" SHAPE="rect" COORDS="11,6,11,6" BBX="11" BBY="6" BBW="1" BBH="1" SBBX="11" SBBY="6" SBBW="1" SBBH="1" LAYER="1" INDEX="56" POSX="11" POSY="6" />
  <AREA ID="29902" TYPE="attribute" CLASSNAME="Role" ATTRID="9" ATTRNAME="Name" SHAPE="rect" COORDS="13,6,12,5"  BBX="13" BBY="6" BBW="0" BBH="0"  LAYER="1" INDEX="55" />
  <AREA ID="29902" TYPE="object" CLASSNAME="Role" SHAPE="rect" COORDS="13,6,13,6" BBX="13" BBY="6" BBW="1" BBH="1" SBBX="13" SBBY="6" SBBW="1" SBBH="1" LAYER="1" INDEX="55" POSX="13" POSY="6" />
  <AREA ID="29899" TYPE="attribute" CLASSNAME="Organizational unit" ATTRID="9" ATTRNAME="Name" SHAPE="rect" COORDS="13,5,13,4"  BBX="13" BBY="5" BBW="1" BBH="0"  LAYER="1" INDEX="54" />
  <AREA ID="29899" TYPE="object" CLASSNAME="Organizational unit" SHAPE="rect" COORDS="13,4,13,4" BBX="13" BBY="4" BBW="1" BBH="1" SBBX="13" SBBY="4" SBBW="1" SBBH="1" LAYER="1" INDEX="54" POSX="13" POSY="5" />
  <AREA ID="30014" TYPE="connector" CLASSNAME="Has role" SHAPE="rect" COORDS="19,2,19,1" BBX="19" BBY="2" BBW="1" BBH="0" SBBX="19" SBBY="2" SBBW="1" SBBH="0" LAYER="1" INDEX="53" />
  <AREA ID="30013" TYPE="connector" CLASSNAME="belongs to" SHAPE="rect" COORDS="14,2,17,1" BBX="14" BBY="2" BBW="4" BBH="0" SBBX="14" SBBY="2" SBBW="4" SBBH="0" LAYER="1" INDEX="52" />
  <AREA ID="29896" TYPE="attribute" CLASSNAME="Performer" ATTRID="9" ATTRNAME="Name" SHAPE="rect" COORDS="19,3,19,2"  BBX="19" BBY="3" BBW="1" BBH="0"  LAYER="1" INDEX="51" />
  <AREA ID="29896" TYPE="object" CLASSNAME="Performer" SHAPE="rect" COORDS="19,2,19,2" BBX="19" BBY="2" BBW="1" BBH="1" SBBX="19" SBBY="2" SBBW="1" SBBH="0" LAYER="1" INDEX="51" POSX="20" POSY="2" />
  <AREA ID="29893" TYPE="attribute" CLASSNAME="Role" ATTRID="9" ATTRNAME="Name" SHAPE="rect" COORDS="18,3,18,2"  BBX="18" BBY="3" BBW="1" BBH="0"  LAYER="1" INDEX="50" />
  <AREA ID="29893" TYPE="object" CLASSNAME="Role" SHAPE="rect" COORDS="18,2,18,2" BBX="18" BBY="2" BBW="1" BBH="1" SBBX="18" SBBY="2" SBBW="1" SBBH="1" LAYER="1" INDEX="50" POSX="18" POSY="2" />
  <AREA ID="30012" TYPE="connector" CLASSNAME="Has role" SHAPE="rect" COORDS="7,8,6,7" BBX="7" BBY="8" BBW="0" BBH="0" SBBX="7" SBBY="8" SBBW="0" SBBH="0" LAYER="1" INDEX="49" />
  <AREA ID="30011" TYPE="connector" CLASSNAME="Has role" SHAPE="rect" COORDS="6,7,5,7" BBX="6" BBY="7" BBW="0" BBH="1" SBBX="6" SBBY="7" SBBW="0" SBBH="1" LAYER="1" INDEX="48" />
  <AREA ID="30010" TYPE="connector" CLASSNAME="Has role" SHAPE="rect" COORDS="5,8,4,7" BBX="5" BBY="8" BBW="0" BBH="0" SBBX="5" SBBY="8" SBBW="0" SBBH="0" LAYER="1" INDEX="47" />
  <AREA ID="30009" TYPE="connector" CLASSNAME="Has role" SHAPE="rect" COORDS="4,8,3,7" BBX="4" BBY="8" BBW="0" BBH="0" SBBX="4" SBBY="8" SBBW="0" SBBH="0" LAYER="1" INDEX="46" />
  <AREA ID="30008" TYPE="connector" CLASSNAME="Has role" SHAPE="rect" COORDS="2,8,1,7" BBX="2" BBY="8" BBW="0" BBH="0" SBBX="2" SBBY="8" SBBW="0" SBBH="0" LAYER="1" INDEX="45" />
  <AREA ID="30007" TYPE="connector" CLASSNAME="belongs to" SHAPE="rect" COORDS="7,6,6,5" BBX="7" BBY="6" BBW="0" BBH="0" SBBX="7" SBBY="6" SBBW="0" SBBH="0" LAYER="1" INDEX="44" />
  <AREA ID="30006" TYPE="connector" CLASSNAME="belongs to" SHAPE="rect" COORDS="6,6,5,6" BBX="6" BBY="6" BBW="0" BBH="1" SBBX="6" SBBY="6" SBBW="0" SBBH="1" LAYER="1" INDEX="43" />
  <AREA ID="30005" TYPE="connector" CLASSNAME="belongs to" SHAPE="rect" COORDS="5,6,4,5" BBX="5" BBY="6" BBW="0" BBH="0" SBBX="5" SBBY="6" SBBW="0" SBBH="0" LAYER="1" INDEX="42" />
  <AREA ID="30004" TYPE="connector" CLASSNAME="belongs to" SHAPE="rect" COORDS="4,6,3,5" BBX="4" BBY="6" BBW="0" BBH="0" SBBX="4" SBBY="6" SBBW="0" SBBH="0" LAYER="1" INDEX="41" />
  <AREA ID="30003" TYPE="connector" CLASSNAME="belongs to" SHAPE="rect" COORDS="2,6,1,5" BBX="2" BBY="6" BBW="0" BBH="0" SBBX="2" SBBY="6" SBBW="0" SBBH="0" LAYER="1" INDEX="40" />
  <AREA ID="29890" TYPE="attribute" CLASSNAME="Performer" ATTRID="9" ATTRNAME="Name" SHAPE="rect" COORDS="7,9,7,8"  BBX="7" BBY="9" BBW="1" BBH="0"  LAYER="1" INDEX="39" />
  <AREA ID="29890" TYPE="object" CLASSNAME="Performer" SHAPE="rect" COORDS="7,8,7,8" BBX="7" BBY="8" BBW="1" BBH="1" SBBX="7" SBBY="8" SBBW="1" SBBH="0" LAYER="1" INDEX="39" POSX="7" POSY="8" />
  <AREA ID="29887" TYPE="attribute" CLASSNAME="Performer" ATTRID="9" ATTRNAME="Name" SHAPE="rect" COORDS="5,9,5,8"  BBX="5" BBY="9" BBW="1" BBH="0"  LAYER="1" INDEX="38" />
  <AREA ID="29887" TYPE="object" CLASSNAME="Performer" SHAPE="rect" COORDS="5,8,5,8" BBX="5" BBY="8" BBW="1" BBH="1" SBBX="5" SBBY="8" SBBW="1" SBBH="0" LAYER="1" INDEX="38" POSX="6" POSY="8" />
  <AREA ID="29884" TYPE="attribute" CLASSNAME="Performer" ATTRID="9" ATTRNAME="Name" SHAPE="rect" COORDS="4,9,4,8"  BBX="4" BBY="9" BBW="1" BBH="0"  LAYER="1" INDEX="37" />
  <AREA ID="29884" TYPE="object" CLASSNAME="Performer" SHAPE="rect" COORDS="4,8,4,8" BBX="4" BBY="8" BBW="1" BBH="1" SBBX="4" SBBY="8" SBBW="1" SBBH="0" LAYER="1" INDEX="37" POSX="5" POSY="8" />
  <AREA ID="29881" TYPE="attribute" CLASSNAME="Performer" ATTRID="9" ATTRNAME="Name" SHAPE="rect" COORDS="3,9,3,8"  BBX="3" BBY="9" BBW="1" BBH="0"  LAYER="1" INDEX="36" />
  <AREA ID="29881" TYPE="object" CLASSNAME="Performer" SHAPE="rect" COORDS="3,8,3,8" BBX="3" BBY="8" BBW="1" BBH="1" SBBX="3" SBBY="8" SBBW="1" SBBH="0" LAYER="1" INDEX="36" POSX="4" POSY="8" />
  <AREA ID="29878" TYPE="attribute" CLASSNAME="Performer" ATTRID="9" ATTRNAME="Name" SHAPE="rect" COORDS="2,9,2,8"  BBX="2" BBY="9" BBW="1" BBH="0"  LAYER="1" INDEX="35" />
  <AREA ID="29878" TYPE="object" CLASSNAME="Performer" SHAPE="rect" COORDS="2,8,2,8" BBX="2" BBY="8" BBW="1" BBH="1" SBBX="2" SBBY="8" SBBW="1" SBBH="0" LAYER="1" INDEX="35" POSX="2" POSY="8" />
  <AREA ID="29875" TYPE="attribute" CLASSNAME="Role" ATTRID="9" ATTRNAME="Name" SHAPE="rect" COORDS="7,7,7,6"  BBX="7" BBY="7" BBW="1" BBH="0"  LAYER="1" INDEX="34" />
  <AREA ID="29875" TYPE="object" CLASSNAME="Role" SHAPE="rect" COORDS="7,7,7,7" BBX="7" BBY="7" BBW="1" BBH="1" SBBX="7" SBBY="7" SBBW="1" SBBH="1" LAYER="1" INDEX="34" POSX="7" POSY="7" />
  <AREA ID="29872" TYPE="attribute" CLASSNAME="Role" ATTRID="9" ATTRNAME="Name" SHAPE="rect" COORDS="5,7,5,6"  BBX="5" BBY="7" BBW="1" BBH="0"  LAYER="1" INDEX="33" />
  <AREA ID="29872" TYPE="object" CLASSNAME="Role" SHAPE="rect" COORDS="5,7,5,7" BBX="5" BBY="7" BBW="1" BBH="1" SBBX="6" SBBY="7" SBBW="1" SBBH="1" LAYER="1" INDEX="33" POSX="6" POSY="7" />
  <AREA ID="29869" TYPE="attribute" CLASSNAME="Role" ATTRID="9" ATTRNAME="Name" SHAPE="rect" COORDS="4,7,4,7"  BBX="4" BBY="7" BBW="1" BBH="1"  LAYER="1" INDEX="32" />
  <AREA ID="29869" TYPE="object" CLASSNAME="Role" SHAPE="rect" COORDS="4,7,4,7" BBX="4" BBY="7" BBW="1" BBH="1" SBBX="4" SBBY="7" SBBW="1" SBBH="1" LAYER="1" INDEX="32" POSX="5" POSY="7" />
  <AREA ID="29866" TYPE="attribute" CLASSNAME="Role" ATTRID="9" ATTRNAME="Name" SHAPE="rect" COORDS="3,7,3,6"  BBX="3" BBY="7" BBW="1" BBH="0"  LAYER="1" INDEX="31" />
  <AREA ID="29866" TYPE="object" CLASSNAME="Role" SHAPE="rect" COORDS="3,7,3,7" BBX="3" BBY="7" BBW="1" BBH="1" SBBX="3" SBBY="7" SBBW="1" SBBH="1" LAYER="1" INDEX="31" POSX="4" POSY="7" />
  <AREA ID="29863" TYPE="attribute" CLASSNAME="Role" ATTRID="9" ATTRNAME="Name" SHAPE="rect" COORDS="2,7,2,6"  BBX="2" BBY="7" BBW="1" BBH="0"  LAYER="1" INDEX="30" />
  <AREA ID="29863" TYPE="object" CLASSNAME="Role" SHAPE="rect" COORDS="2,7,2,7" BBX="2" BBY="7" BBW="1" BBH="1" SBBX="2" SBBY="7" SBBW="1" SBBH="1" LAYER="1" INDEX="30" POSX="2" POSY="7" />
  <AREA ID="30002" TYPE="connector" CLASSNAME="Has role" SHAPE="rect" COORDS="1,8,0,7" BBX="1" BBY="8" BBW="0" BBH="0" SBBX="1" SBBY="8" SBBW="0" SBBH="0" LAYER="1" INDEX="29" />
  <AREA ID="30001" TYPE="connector" CLASSNAME="belongs to" SHAPE="rect" COORDS="1,6,0,5" BBX="1" BBY="6" BBW="0" BBH="0" SBBX="1" SBBY="6" SBBW="0" SBBH="0" LAYER="1" INDEX="28" />
  <AREA ID="29860" TYPE="attribute" CLASSNAME="Performer" ATTRID="9" ATTRNAME="Name" SHAPE="rect" COORDS="1,9,1,8"  BBX="1" BBY="9" BBW="1" BBH="0"  LAYER="1" INDEX="27" />
  <AREA ID="29860" TYPE="object" CLASSNAME="Performer" SHAPE="rect" COORDS="1,8,1,8" BBX="1" BBY="8" BBW="1" BBH="1" SBBX="1" SBBY="8" SBBW="1" SBBH="0" LAYER="1" INDEX="27" POSX="1" POSY="8" />
  <AREA ID="29857" TYPE="attribute" CLASSNAME="Role" ATTRID="9" ATTRNAME="Name" SHAPE="rect" COORDS="1,7,1,7"  BBX="1" BBY="7" BBW="1" BBH="1"  LAYER="1" INDEX="26" />
  <AREA ID="29857" TYPE="object" CLASSNAME="Role" SHAPE="rect" COORDS="1,7,1,7" BBX="1" BBY="7" BBW="1" BBH="1" SBBX="1" SBBY="7" SBBW="1" SBBH="1" LAYER="1" INDEX="26" POSX="1" POSY="7" />
  <AREA ID="29854" TYPE="attribute" CLASSNAME="Organizational unit" ATTRID="9" ATTRNAME="Name" SHAPE="rect" COORDS="7,6,7,5"  BBX="7" BBY="6" BBW="1" BBH="0"  LAYER="1" INDEX="16" />
  <AREA ID="29854" TYPE="object" CLASSNAME="Organizational unit" SHAPE="rect" COORDS="7,5,7,5" BBX="7" BBY="5" BBW="1" BBH="1" SBBX="7" SBBY="5" SBBW="1" SBBH="1" LAYER="1" INDEX="16" POSX="7" POSY="5" />
  <AREA ID="29851" TYPE="attribute" CLASSNAME="Organizational unit" ATTRID="9" ATTRNAME="Name" SHAPE="rect" COORDS="6,6,6,5"  BBX="6" BBY="6" BBW="1" BBH="0"  LAYER="1" INDEX="15" />
  <AREA ID="29851" TYPE="object" CLASSNAME="Organizational unit" SHAPE="rect" COORDS="5,5,5,5" BBX="5" BBY="5" BBW="1" BBH="1" SBBX="5" SBBY="5" SBBW="1" SBBH="1" LAYER="1" INDEX="15" POSX="6" POSY="5" />
  <AREA ID="29848" TYPE="attribute" CLASSNAME="Organizational unit" ATTRID="9" ATTRNAME="Name" SHAPE="rect" COORDS="4,6,4,5"  BBX="4" BBY="6" BBW="1" BBH="0"  LAYER="1" INDEX="14" />
  <AREA ID="29848" TYPE="object" CLASSNAME="Organizational unit" SHAPE="rect" COORDS="4,5,4,5" BBX="4" BBY="5" BBW="1" BBH="1" SBBX="4" SBBY="5" SBBW="1" SBBH="1" LAYER="1" INDEX="14" POSX="5" POSY="5" />
  <AREA ID="29845" TYPE="attribute" CLASSNAME="Organizational unit" ATTRID="9" ATTRNAME="Name" SHAPE="rect" COORDS="3,6,3,5"  BBX="3" BBY="6" BBW="1" BBH="0"  LAYER="1" INDEX="13" />
  <AREA ID="29845" TYPE="object" CLASSNAME="Organizational unit" SHAPE="rect" COORDS="3,5,3,5" BBX="3" BBY="5" BBW="1" BBH="1" SBBX="3" SBBY="5" SBBW="1" SBBH="1" LAYER="1" INDEX="13" POSX="4" POSY="5" />
  <AREA ID="29842" TYPE="attribute" CLASSNAME="Organizational unit" ATTRID="9" ATTRNAME="Name" SHAPE="rect" COORDS="2,6,2,5"  BBX="2" BBY="6" BBW="1" BBH="0"  LAYER="1" INDEX="12" />
  <AREA ID="29842" TYPE="object" CLASSNAME="Organizational unit" SHAPE="rect" COORDS="2,5,2,5" BBX="2" BBY="5" BBW="1" BBH="1" SBBX="2" SBBY="5" SBBW="1" SBBH="1" LAYER="1" INDEX="12" POSX="2" POSY="5" />
  <AREA ID="29839" TYPE="attribute" CLASSNAME="Organizational unit" ATTRID="9" ATTRNAME="Name" SHAPE="rect" COORDS="1,6,1,5"  BBX="1" BBY="6" BBW="1" BBH="0"  LAYER="1" INDEX="10" />
  <AREA ID="29839" TYPE="object" CLASSNAME="Organizational unit" SHAPE="rect" COORDS="1,5,1,5" BBX="1" BBY="5" BBW="1" BBH="1" SBBX="1" SBBY="5" SBBW="1" SBBH="1" LAYER="1" INDEX="10" POSX="1" POSY="5" />
  <AREA ID="29836" TYPE="attribute" CLASSNAME="Organizational unit" ATTRID="9" ATTRNAME="Name" SHAPE="rect" COORDS="23,3,23,2"  BBX="23" BBY="3" BBW="1" BBH="0"  LAYER="1" INDEX="9" />
  <AREA ID="29836" TYPE="object" CLASSNAME="Organizational unit" SHAPE="rect" COORDS="23,2,23,2" BBX="23" BBY="2" BBW="1" BBH="1" SBBX="23" SBBY="2" SBBW="1" SBBH="1" LAYER="1" INDEX="9" POSX="24" POSY="2" />
  <AREA ID="29833" TYPE="attribute" CLASSNAME="Organizational unit" ATTRID="9" ATTRNAME="Name" SHAPE="rect" COORDS="21,3,21,3"  BBX="21" BBY="3" BBW="1" BBH="1"  LAYER="1" INDEX="8" />
  <AREA ID="29833" TYPE="object" CLASSNAME="Organizational unit" SHAPE="rect" COORDS="21,2,21,2" BBX="21" BBY="2" BBW="1" BBH="1" SBBX="21" SBBY="2" SBBW="1" SBBH="1" LAYER="1" INDEX="8" POSX="21" POSY="2" />
  <AREA ID="29830" TYPE="attribute" CLASSNAME="Organizational unit" ATTRID="9" ATTRNAME="Name" SHAPE="rect" COORDS="13,3,13,2"  BBX="13" BBY="3" BBW="1" BBH="0"  LAYER="1" INDEX="7" />
  <AREA ID="29830" TYPE="object" CLASSNAME="Organizational unit" SHAPE="rect" COORDS="13,2,13,2" BBX="13" BBY="2" BBW="1" BBH="1" SBBX="13" SBBY="2" SBBW="1" SBBH="1" LAYER="1" INDEX="7" POSX="13" POSY="2" />
  <AREA ID="29827" TYPE="attribute" CLASSNAME="Organizational unit" ATTRID="9" ATTRNAME="Name" SHAPE="rect" COORDS="4,3,4,2"  BBX="4" BBY="3" BBW="1" BBH="0"  LAYER="1" INDEX="6" />
  <AREA ID="29827" TYPE="object" CLASSNAME="Organizational unit" SHAPE="rect" COORDS="4,2,4,2" BBX="4" BBY="2" BBW="1" BBH="1" SBBX="4" SBBY="2" SBBW="1" SBBH="1" LAYER="1" INDEX="6" POSX="5" POSY="2" />
  <AREA ID="29990" TYPE="connector" CLASSNAME="Has role" SHAPE="rect" COORDS="1,3,0,2" BBX="1" BBY="3" BBW="0" BBH="0" SBBX="1" SBBY="3" SBBW="0" SBBH="0" LAYER="1" INDEX="5" />
  <AREA ID="29824" TYPE="attribute" CLASSNAME="Performer" ATTRID="9" ATTRNAME="Name" SHAPE="rect" COORDS="0,4,0,3"  BBX="0" BBY="4" BBW="1" BBH="0"  LAYER="1" INDEX="4" />
  <AREA ID="29824" TYPE="object" CLASSNAME="Performer" SHAPE="rect" COORDS="0,4,0,4" BBX="0" BBY="4" BBW="1" BBH="1" SBBX="0" SBBY="4" SBBW="1" SBBH="0" LAYER="1" INDEX="4" POSX="1" POSY="4" />
  <AREA ID="29989" TYPE="connector" CLASSNAME="belongs to" SHAPE="rect" COORDS="1,1,12,1" BBX="1" BBY="1" BBW="12" BBH="1" SBBX="1" SBBY="1" SBBW="12" SBBH="1" LAYER="1" INDEX="3" />
  <AREA ID="29821" TYPE="attribute" CLASSNAME="Role" ATTRID="9" ATTRNAME="Name" SHAPE="rect" COORDS="1,3,0,2"  BBX="1" BBY="3" BBW="0" BBH="0"  LAYER="1" INDEX="2" />
  <AREA ID="29821" TYPE="object" CLASSNAME="Role" SHAPE="rect" COORDS="0,3,0,3" BBX="0" BBY="3" BBW="1" BBH="1" SBBX="0" SBBY="3" SBBW="1" SBBH="1" LAYER="1" INDEX="2" POSX="1" POSY="3" />
  <AREA ID="29818" TYPE="attribute" CLASSNAME="Organizational unit" ATTRID="9" ATTRNAME="Name" SHAPE="rect" COORDS="13,1,12,0"  BBX="13" BBY="1" BBW="0" BBH="0"  LAYER="1" INDEX="1" />
  <AREA ID="29818" TYPE="object" CLASSNAME="Organizational unit" SHAPE="rect" COORDS="13,0,13,0" BBX="13" BBY="0" BBW="1" BBH="1" SBBX="13" SBBY="0" SBBW="1" SBBH="1" LAYER="1" INDEX="1" POSX="13" POSY="1" />
  <AREA ID="30039" TYPE="connector" CLASSNAME="Is subordinated" SHAPE="rect" COORDS="24,3,24,3" BBX="24" BBY="3" BBW="1" BBH="1" SBBX="24" SBBY="3" SBBW="1" SBBH="1" LAYER="-1" INDEX="101" />
  <AREA ID="30033" TYPE="connector" CLASSNAME="Is subordinated" SHAPE="rect" COORDS="22,3,22,3" BBX="22" BBY="3" BBW="1" BBH="1" SBBX="22" SBBY="3" SBBW="1" SBBH="1" LAYER="-1" INDEX="93" />
  <AREA ID="30028" TYPE="connector" CLASSNAME="Is subordinated" SHAPE="rect" COORDS="13,3,19,3" BBX="13" BBY="3" BBW="7" BBH="1" SBBX="13" SBBY="3" SBBW="7" SBBH="1" LAYER="-1" INDEX="79" />
  <AREA ID="30027" TYPE="connector" CLASSNAME="Is subordinated" SHAPE="rect" COORDS="13,3,17,3" BBX="13" BBY="3" BBW="5" BBH="1" SBBX="13" SBBY="3" SBBW="5" SBBH="1" LAYER="-1" INDEX="78" />
  <AREA ID="30015" TYPE="connector" CLASSNAME="Is subordinated" SHAPE="rect" COORDS="13,3,12,3" BBX="13" BBY="3" BBW="0" BBH="1" SBBX="13" SBBY="3" SBBW="0" SBBH="1" LAYER="-1" INDEX="61" />
  <AREA ID="29994" TYPE="connector" CLASSNAME="Is subordinated" SHAPE="rect" COORDS="13,1,23,1" BBX="13" BBY="1" BBW="11" BBH="1" SBBX="13" SBBY="1" SBBW="11" SBBH="1" LAYER="-1" INDEX="25" />
  <AREA ID="29993" TYPE="connector" CLASSNAME="Is subordinated" SHAPE="rect" COORDS="13,1,20,1" BBX="13" BBY="1" BBW="8" BBH="1" SBBX="13" SBBY="1" SBBW="8" SBBH="1" LAYER="-1" INDEX="24" />
  <AREA ID="29992" TYPE="connector" CLASSNAME="Is subordinated" SHAPE="rect" COORDS="13,1,12,1" BBX="13" BBY="1" BBW="0" BBH="1" SBBX="13" SBBY="1" SBBW="0" SBBH="1" LAYER="-1" INDEX="23" />
  <AREA ID="29991" TYPE="connector" CLASSNAME="Is subordinated" SHAPE="rect" COORDS="5,1,12,1" BBX="5" BBY="1" BBW="8" BBH="1" SBBX="5" SBBY="1" SBBW="8" SBBH="1" LAYER="-1" INDEX="22" />
  <AREA ID="30000" TYPE="connector" CLASSNAME="Is subordinated" SHAPE="rect" COORDS="5,3,6,4" BBX="5" BBY="3" BBW="2" BBH="2" SBBX="5" SBBY="3" SBBW="2" SBBH="2" LAYER="-1" INDEX="21" />
  <AREA ID="29999" TYPE="connector" CLASSNAME="Is subordinated" SHAPE="rect" COORDS="5,3,5,4" BBX="5" BBY="3" BBW="1" BBH="2" SBBX="5" SBBY="3" SBBW="1" SBBH="2" LAYER="-1" INDEX="20" />
  <AREA ID="29998" TYPE="connector" CLASSNAME="Is subordinated" SHAPE="rect" COORDS="5,3,4,4" BBX="5" BBY="3" BBW="0" BBH="2" SBBX="5" SBBY="3" SBBW="0" SBBH="2" LAYER="-1" INDEX="19" />
  <AREA ID="29997" TYPE="connector" CLASSNAME="Is subordinated" SHAPE="rect" COORDS="4,3,4,4" BBX="4" BBY="3" BBW="1" BBH="2" SBBX="4" SBBY="3" SBBW="1" SBBH="2" LAYER="-1" INDEX="18" />
  <AREA ID="29996" TYPE="connector" CLASSNAME="Is subordinated" SHAPE="rect" COORDS="2,3,3,4" BBX="2" BBY="3" BBW="2" BBH="2" SBBX="2" SBBY="3" SBBW="2" SBBH="2" LAYER="-1" INDEX="17" />
  <AREA ID="29995" TYPE="connector" CLASSNAME="Is subordinated" SHAPE="rect" COORDS="1,3,3,4" BBX="1" BBY="3" BBW="3" BBH="2" SBBX="1" SBBY="3" SBBW="3" SBBH="2" LAYER="-1" INDEX="11" />
</MAP>
