<?xml version="1.1" encoding="UTF-8"?>
<MAP MODELID="30198" MODELNAME="011 - Check Application" MODELTYPE="Business process diagram (BPMN 2.0)">
  <AREA ID="30275" TYPE="connector" CLASSNAME="Subsequent" SHAPE="rect" COORDS="11,7,11,6" BBX="11" BBY="7" BBW="1" BBH="0" SBBX="11" SBBY="7" SBBW="1" SBBH="0" LAYER="1" INDEX="26" />
  <AREA ID="30267" TYPE="connector" CLASSNAME="Subsequent" SHAPE="rect" COORDS="10,6,9,6" BBX="10" BBY="6" BBW="0" BBH="1" SBBX="10" SBBY="6" SBBW="0" SBBH="1" LAYER="1" INDEX="25" />
  <AREA ID="30270" TYPE="connector" CLASSNAME="Subsequent" SHAPE="rect" COORDS="5,6,9,6" BBX="5" BBY="6" BBW="5" BBH="1" SBBX="5" SBBY="6" SBBW="5" SBBH="1" LAYER="1" INDEX="24" />
  <AREA ID="30238" TYPE="object" CLASSNAME="Exclusive Gateway" SHAPE="rect" COORDS="10,7,10,7" BBX="10" BBY="7" BBW="1" BBH="1" SBBX="10" SBBY="7" SBBW="1" SBBH="1" LAYER="1" INDEX="23" POSX="10" POSY="7" />
  <AREA ID="30235" TYPE="attribute" CLASSNAME="End Event" ATTRID="9" ATTRNAME="Name" SHAPE="rect" COORDS="11,7,11,6"  BBX="11" BBY="7" BBW="1" BBH="0"  LAYER="1" INDEX="22" />
  <AREA ID="30235" TYPE="object" CLASSNAME="End Event" SHAPE="rect" COORDS="11,7,11,7" BBX="11" BBY="7" BBW="1" BBH="1" SBBX="11" SBBY="7" SBBW="1" SBBH="1" LAYER="1" INDEX="22" POSX="12" POSY="7" />
  <AREA ID="30263" TYPE="connector" CLASSNAME="Subsequent" SHAPE="rect" COORDS="5,5,5,4" BBX="5" BBY="5" BBW="1" BBH="0" SBBX="5" SBBY="5" SBBW="1" SBBH="0" LAYER="1" INDEX="21" />
  <AREA ID="30244" TYPE="connector" CLASSNAME="Subsequent" SHAPE="rect" COORDS="3,5,2,4" BBX="3" BBY="5" BBW="0" BBH="0" SBBX="3" SBBY="5" SBBW="0" SBBH="0" LAYER="1" INDEX="20" />
  <AREA ID="30232" TYPE="object" CLASSNAME="Intermediate Event (boundary)" SHAPE="rect" COORDS="4,5,4,5" BBX="4" BBY="5" BBW="1" BBH="1" SBBX="4" SBBY="5" SBBW="1" SBBH="1" LAYER="1" INDEX="19" POSX="5" POSY="5" />
  <AREA ID="30229" TYPE="object" CLASSNAME="Intermediate Event (boundary)" SHAPE="rect" COORDS="10,5,10,5" BBX="10" BBY="5" BBW="1" BBH="1" SBBX="10" SBBY="5" SBBW="1" SBBH="1" LAYER="1" INDEX="18" POSX="10" POSY="5" />
  <AREA ID="30260" TYPE="connector" CLASSNAME="Data Association" SHAPE="rect" COORDS="9,6,9,6" BBX="9" BBY="6" BBW="1" BBH="1" SBBX="9" SBBY="6" SBBW="1" SBBH="1" LAYER="1" INDEX="17" />
  <AREA ID="30254" TYPE="connector" CLASSNAME="Data Association" SHAPE="rect" COORDS="4,4,4,4" BBX="4" BBY="4" BBW="1" BBH="1" SBBX="4" SBBY="4" SBBW="1" SBBH="1" LAYER="1" INDEX="15" />
  <AREA ID="30251" TYPE="connector" CLASSNAME="Subsequent" SHAPE="rect" COORDS="10,5,11,4" BBX="10" BBY="5" BBW="2" BBH="0" SBBX="10" SBBY="5" SBBW="2" SBBH="0" LAYER="1" INDEX="14" />
  <AREA ID="30223" TYPE="attribute" CLASSNAME="Task" ATTRID="9" ATTRNAME="Name" SHAPE="rect" COORDS="4,5,4,4"  BBX="4" BBY="5" BBW="1" BBH="0"  LAYER="1" INDEX="13" />
  <AREA ID="30223" TYPE="object" CLASSNAME="Task" SHAPE="rect" COORDS="3,5,3,5" BBX="3" BBY="5" BBW="1" BBH="1" SBBX="3" SBBY="5" SBBW="1" SBBH="1" LAYER="1" INDEX="13" POSX="4" POSY="5" />
  <AREA ID="30248" TYPE="connector" CLASSNAME="Subsequent" SHAPE="rect" COORDS="8,5,8,4" BBX="8" BBY="5" BBW="1" BBH="0" SBBX="8" SBBY="5" SBBW="1" SBBH="0" LAYER="1" INDEX="12" />
  <AREA ID="30264" TYPE="connector" CLASSNAME="Message Flow" SHAPE="rect" COORDS="9,2,8,4" BBX="9" BBY="2" BBW="0" BBH="3" SBBX="9" SBBY="2" SBBW="0" SBBH="3" LAYER="1" INDEX="11" />
  <AREA ID="30220" TYPE="attribute" CLASSNAME="Data Object" ATTRID="9" ATTRNAME="Name" SHAPE="rect" COORDS="8,7,8,6"  BBX="8" BBY="7" BBW="1" BBH="0"  LAYER="1" INDEX="10" />
  <AREA ID="30220" TYPE="object" CLASSNAME="Data Object" SHAPE="rect" COORDS="8,6,8,6" BBX="8" BBY="6" BBW="1" BBH="1" SBBX="8" SBBY="6" SBBW="0" SBBH="1" LAYER="1" INDEX="10" POSX="8" POSY="6" />
  <AREA ID="30247" TYPE="connector" CLASSNAME="Message Flow" SHAPE="rect" COORDS="7,2,6,4" BBX="7" BBY="2" BBW="0" BBH="3" SBBX="7" SBBY="2" SBBW="0" SBBH="3" LAYER="1" INDEX="9" />
  <AREA ID="30217" TYPE="attribute" CLASSNAME="End Event" ATTRID="9" ATTRNAME="Name" SHAPE="rect" COORDS="12,5,12,4"  BBX="12" BBY="5" BBW="1" BBH="0"  LAYER="1" INDEX="8" />
  <AREA ID="30217" TYPE="object" CLASSNAME="End Event" SHAPE="rect" COORDS="12,5,12,5" BBX="12" BBY="5" BBW="1" BBH="1" SBBX="12" SBBY="5" SBBW="1" SBBH="1" LAYER="1" INDEX="8" POSX="13" POSY="5" />
  <AREA ID="30253" TYPE="connector" CLASSNAME="Data Association" SHAPE="rect" COORDS="6,4,6,4" BBX="6" BBY="4" BBW="1" BBH="1" SBBX="6" SBBY="4" SBBW="1" SBBH="1" LAYER="1" INDEX="7" />
  <AREA ID="30214" TYPE="attribute" CLASSNAME="Data Object" ATTRID="9" ATTRNAME="Name" SHAPE="rect" COORDS="5,4,4,3"  BBX="5" BBY="4" BBW="0" BBH="0"  LAYER="1" INDEX="6" />
  <AREA ID="30214" TYPE="object" CLASSNAME="Data Object" SHAPE="rect" COORDS="5,4,4,4" BBX="5" BBY="4" BBW="0" BBH="1" SBBX="5" SBBY="4" SBBW="0" SBBH="1" LAYER="1" INDEX="6" POSX="5" POSY="4" />
  <AREA ID="30211" TYPE="attribute" CLASSNAME="Task" ATTRID="9" ATTRNAME="Name" SHAPE="rect" COORDS="9,5,9,4"  BBX="9" BBY="5" BBW="1" BBH="0"  LAYER="1" INDEX="5" />
  <AREA ID="30211" TYPE="object" CLASSNAME="Task" SHAPE="rect" COORDS="9,5,10,5" BBX="9" BBY="5" BBW="2" BBH="1" SBBX="9" SBBY="5" SBBW="2" SBBH="1" LAYER="1" INDEX="5" POSX="9" POSY="5" />
  <AREA ID="30208" TYPE="attribute" CLASSNAME="Task" ATTRID="9" ATTRNAME="Name" SHAPE="rect" COORDS="6,5,6,4"  BBX="6" BBY="5" BBW="1" BBH="0"  LAYER="1" INDEX="4" />
  <AREA ID="30208" TYPE="object" CLASSNAME="Task" SHAPE="rect" COORDS="6,5,7,5" BBX="6" BBY="5" BBW="2" BBH="1" SBBX="6" SBBY="5" SBBW="2" SBBH="1" LAYER="1" INDEX="4" POSX="7" POSY="5" />
  <AREA ID="30205" TYPE="attribute" CLASSNAME="Start Event" ATTRID="9" ATTRNAME="Name" SHAPE="rect" COORDS="2,5,2,4"  BBX="2" BBY="5" BBW="1" BBH="0"  LAYER="1" INDEX="3" />
  <AREA ID="30205" TYPE="object" CLASSNAME="Start Event" SHAPE="rect" COORDS="2,5,2,5" BBX="2" BBY="5" BBW="1" BBH="1" SBBX="2" SBBY="5" SBBW="1" SBBH="1" LAYER="1" INDEX="3" POSX="2" POSY="5" />
  <AREA ID="30202" TYPE="attribute" CLASSNAME="Lane" ATTRID="9" ATTRNAME="Name" SHAPE="rect" COORDS="1,6,1,5"  BBX="1" BBY="6" BBW="1" BBH="0"  LAYER="-1" INDEX="2" />
  <AREA ID="30202" TYPE="object" CLASSNAME="Lane" SHAPE="rect" COORDS="1,3,12,8" BBX="1" BBY="3" BBW="12" BBH="6" SBBX="1" SBBY="3" SBBW="12" SBBH="6" LAYER="-1" INDEX="2" POSX="1" POSY="3" />
  <AREA ID="30226" TYPE="attribute" CLASSNAME="Pool" ATTRID="9" ATTRNAME="Name" SHAPE="rect" COORDS="0,1,0,0"  BBX="0" BBY="1" BBW="1" BBH="0"  LAYER="-2" INDEX="16" />
  <AREA ID="30226" TYPE="object" CLASSNAME="Pool" SHAPE="rect" COORDS="0,0,12,1" BBX="0" BBY="0" BBW="13" BBH="2" SBBX="0" SBBY="0" SBBW="13" SBBH="2" LAYER="-2" INDEX="16" POSX="0" POSY="0" />
  <AREA ID="30199" TYPE="attribute" CLASSNAME="Pool" ATTRID="9" ATTRNAME="Name" SHAPE="rect" COORDS="0,5,0,5"  BBX="0" BBY="5" BBW="1" BBH="1"  LAYER="-2" INDEX="1" />
  <AREA ID="30199" TYPE="object" CLASSNAME="Pool" SHAPE="rect" COORDS="0,3,13,8" BBX="0" BBY="3" BBW="14" BBH="6" SBBX="0" SBBY="3" SBBW="14" SBBH="6" LAYER="-2" INDEX="1" POSX="0" POSY="3" />
</MAP>
